# --------------------------------------------------- // System
uwsm                                                   # A standalone Wayland session manager
pipewire                                               # audio/video server
pipewire-alsa                                          # pipewire alsa client
pipewire-audio                                         # pipewire audio client
pipewire-jack                                          # pipewire jack client
pipewire-pulse                                         # pipewire pulseaudio client
gst-plugin-pipewire                                    # pipewire gstreamer client
wireplumber                                            # pipewire session manager
pavucontrol                                            # pulseaudio volume control
pamixer                                                # pulseaudio cli mixer
networkmanager                                         # network manager
network-manager-applet                                 # network manager system tray utility
bluez                                                  # bluetooth protocol stack
bluez-utils                                            # bluetooth utility cli
blueman                                                # bluetooth manager gui
brightnessctl                                          # screen brightness control
playerctl                                              # media controls
udiskie                                                # manage removable media
wttrbar                                                # for weather
python-requests|wttrbar                                # script dependency
ncdu                                                   # Terminal Disk Usage Analyzer
libqalculate                                           # terminal calculator

# --------------------------------------------------- // Display Manager
sddm                                                   # display manager for KDE plasma
qt5-quickcontrols                                      # for sddm theme ui elements
qt5-quickcontrols2                                     # for sddm theme ui elements
qt5-graphicaleffects                                   # for sddm theme effects

# --------------------------------------------------- // Window Manager
hyprland                                               # wlroots-based wayland compositor
dunst                                                  # notification daemon
rofi                                                   # application launcher
waybar                                                 # system bar
awww                                                   # wallpaper
hyprlock                                               # lock screen
wlogout                                                # logout menu
grim                                                   # screenshot tool
hyprpicker                                             # color picker
slurp                                                  # region select for screenshot/screenshare
satty                                                  # Modern Screenshot Annotation
cliphist                                               # clipboard manager
wl-clip-persist                                        # Keep Wayland clipboard even after programs close (avoids crashes)
hyprsunset                                             # blue light filter

# --------------------------------------------------- // Dependencies
hyprpolkitagent                                        # authentication agent
xdg-desktop-portal-hyprland                            # xdg desktop portal for hyprland
xdg-desktop-portal-gtk                                 # file picker and dbus  integration
xdg-user-dirs                                          # Manage user directories like ~/Desktop and ~/Music
pacman-contrib                                         # for system update check
parallel                                               # for parallel processing
jq                                                     # for json processing
imagemagick                                            # for image processing
qt5-imageformats                                       # for dolphin image thumbnails
ffmpegthumbs                                           # for dolphin video thumbnails
kde-cli-tools                                          # for dolphin file type defaults
libnotify                                              # for notifications
noto-fonts-emoji                                       # emoji font

# --------------------------------------------------- // Theming
nwg-look                                               # gtk configuration tool
qt5ct                                                  # qt5 configuration tool
qt6ct                                                  # qt6 configuration tool
kvantum                                                # svg based qt6 theme engine
kvantum-qt5                                            # svg based qt5 theme engine
qt5-wayland                                            # wayland support in qt5
qt6-wayland                                            # wayland support in qt6

# --------------------------------------------------- // Applications
# firefox                                              # browser
brave-origin-beta-bin                                  # browser
google-chrome                                          # browser
microsoft-edge-stable-bin                              # browser 
kitty                                                  # terminal
dolphin                                                # kde file manager
ark                                                    # kde file archiver
unzip                                                  # extracting zip files
vim                                                    # terminal text editor
# code                                                   # ide text editor
nwg-displays                                           # monitor management utility
fzf                                                    # Command-line fuzzy finder

# --------------------------------------------------- // Shell
starship|zsh                                           # customizable shell prompt written in Rust
# starship-git                                         # The cross-shell prompt for astronauts
starship|fish                                          # customizable shell prompt

fastfetch                                              # system information fetch tool

# --------------------------------------------------- // RaVN
hyprquery                                              # A CLI utility for querying configuration values from hypr-related configuration. Using native hyprlang lib.
hypridle                                               # idle daemon

# --------------------------------------------------- // Gaming
steam                                                  # gaming platform
gamemode                                               # daemon and library for game optimizations

# --------------------------------------------------- // Music
cava                                                   # audio visualizer
spotify                                                # proprietary music streaming service
spicetify-cli                                          # cli to customize spotify client

# --------------------------------------------------- // Apps
# neovim                                               # vim based text editor

# --------------------------------------------------- // zsh
bat|zsh                                                  # enhanced version of cat
eza|zsh                                                  # file lister for zsh
duf|zsh                                                  # prettier version of df for zsh

# --------------------------------------------------- // Editor
visual-studio-code-bin                                # MS  text editor
visual-studio-code-insiders-bin                       # MS  text editor
antigravity-ide                                       # An agentic development platform from Google, evolving the IDE into the agent-first era	kIERO	2026-06-04 04:02 (UTC)
antigravity-cli                                       # Google's agentic development platform (CLI companion)	viridivn	2026-06-06 07:10 (UTC)
antigravity                                           # Google Antigravity 2.0 multi-agent orchestration platform
zed                                                   # A high-performance, multiplayer code editor from the creators of Atom and Tree-sitter
vulkan-intel

# --------------------------------------------------- // Driver for my Intel HD Graphics 530
vulkan-intel 
lib32-vulkan-intel 
intel-media-driver 
libva-utils



# --------------------------------------------------- // Git
github-cli                                            # The GitHub CLI tool  
gitkraken                                             # The intuitive, fast, and beautiful cross-platform Git client
gitkraken-cli                                         # The intuitive, fast, and beautiful cross-platform Git client  

# --------------------------------------------------- // Dotbare
dotbare                                               # Manage your dotfiles interactively with fzf
diff-so-fancy                                         # Fancy git diff preview
git-delta                                             # Fancy git diff preview
highlight                                             # Syntax highlighting when previewing files
ruby-coderay                                          # highlighting when previewing files
tree                                                  # Provide a directory tree view when finding directory

# --------------------------------------------------- // mise
libyaml                                               # YAML 1.1 library
mise                                                  # The front-end to your dev env
#user packages

# --------------------------------------------------- // fonts
ttf-firacode-nerd
